15:56:33 **** Incremental Build of configuration Debug for project F407_BASICCAN ****
make -j8 all 
arm-none-eabi-gcc "../Core/Src/main.c" -mcpu=cortex-m4 -std=gnu11 -g3 -DDEBUG -DUSE_HAL_DRIVER -DSTM32F407xx -c -I../Core/Inc -I../Drivers/STM32F4xx_HAL_Driver/Inc -I../Drivers/STM32F4xx_HAL_Driver/Inc/Legacy -I../Drivers/CMSIS/Device/ST/STM32F4xx/Include -I../Drivers/CMSIS/Include -I"/home/temp/Documentos/Studies/Microcontroller/STMF407VE/communication/F407_BASICCAN/Core/MCP2515LIB" -O0 -ffunction-sections -fdata-sections -Wall -fstack-usage -MMD -MP -MF"Core/Src/main.d" -MT"Core/Src/main.o" --specs=nano.specs -mfpu=fpv4-sp-d16 -mfloat-abi=hard -mthumb -o "Core/Src/main.o"
In file included from ../Core/Src/main.c:22:
/home/temp/Documentos/Studies/Microcontroller/STMF407VE/communication/F407_BASICCAN/Core/MCP2515LIB/MCP2515.h:4: warning: ignoring '#pragma anon_unions ' [-Wunknown-pragmas]
    4 | #pragma anon_unions
      | 
arm-none-eabi-gcc -o "F407_BASICCAN.elf" @"objects.list"   -mcpu=cortex-m4 -T"/home/temp/Documentos/Studies/Microcontroller/STMF407VE/communication/F407_BASICCAN/STM32F407VETX_FLASH.ld" --specs=nosys.specs -Wl,-Map="F407_BASICCAN.map" -Wl,--gc-sections -static --specs=nano.specs -mfpu=fpv4-sp-d16 -mfloat-abi=hard -mthumb -Wl,--start-group -lc -lm -Wl,--end-group
Finished building target: F407_BASICCAN.elf
 
arm-none-eabi-size   F407_BASICCAN.elf 
arm-none-eabi-objdump -h -S  F407_BASICCAN.elf  > "F407_BASICCAN.list"
   text	   data	    bss	    dec	    hex	filename
  17676	    120	   1896	  19692	   4cec	F407_BASICCAN.elf
Finished building: default.size.stdout
 
Finished building: F407_BASICCAN.list
 

15:56:33 Build Finished. 0 errors, 1 warnings. (took 375ms)

