16:01:54 **** Incremental Build of configuration Debug for project L476_BASICCAN ****
make -j8 all 
arm-none-eabi-gcc "../Core/Src/main.c" -mcpu=cortex-m4 -std=gnu11 -g3 -DDEBUG -DUSE_HAL_DRIVER -DSTM32L476xx -c -I../Core/Inc -I../Drivers/STM32L4xx_HAL_Driver/Inc -I../Drivers/STM32L4xx_HAL_Driver/Inc/Legacy -I../Drivers/CMSIS/Device/ST/STM32L4xx/Include -I../Drivers/CMSIS/Include -I"/home/temp/Documentos/Studies/Microcontroller/STMF407VE/communication/L476_BASICCAN/Core/MCP2515LIB" -O0 -ffunction-sections -fdata-sections -Wall -fstack-usage -MMD -MP -MF"Core/Src/main.d" -MT"Core/Src/main.o" --specs=nano.specs -mfpu=fpv4-sp-d16 -mfloat-abi=hard -mthumb -o "Core/Src/main.o"
In file included from ../Core/Src/main.c:5:
/home/temp/Documentos/Studies/Microcontroller/STMF407VE/communication/L476_BASICCAN/Core/MCP2515LIB/MCP2515.h:4: warning: ignoring '#pragma anon_unions ' [-Wunknown-pragmas]
    4 | #pragma anon_unions
      | 
../Core/Src/main.c: In function 'main':
../Core/Src/main.c:39:33: warning: pointer targets in passing argument 2 of 'HAL_UART_Transmit' differ in signedness [-Wpointer-sign]
   39 |      HAL_UART_Transmit(&huart2, "Init OK\n\r", 10 , HAL_MAX_DELAY);
      |                                 ^~~~~~~~~~~~~
      |                                 |
      |                                 char *
In file included from ../Core/Inc/stm32l4xx_hal_conf.h:450,
                 from ../Drivers/STM32L4xx_HAL_Driver/Inc/stm32l4xx_hal.h:29,
                 from ../Core/Inc/main.h:30,
                 from ../Core/Src/main.c:2:
../Drivers/STM32L4xx_HAL_Driver/Inc/stm32l4xx_hal_uart.h:1674:79: note: expected 'const uint8_t *' {aka 'const unsigned char *'} but argument is of type 'char *'
 1674 | HAL_StatusTypeDef HAL_UART_Transmit(UART_HandleTypeDef *huart, const uint8_t *pData, uint16_t Size, uint32_t Timeout);
      |                                                                ~~~~~~~~~~~~~~~^~~~~
arm-none-eabi-gcc -o "L476_BASICCAN.elf" @"objects.list"   -mcpu=cortex-m4 -T"/home/temp/Documentos/Studies/Microcontroller/STMF407VE/communication/L476_BASICCAN/STM32L476RGTX_FLASH.ld" --specs=nosys.specs -Wl,-Map="L476_BASICCAN.map" -Wl,--gc-sections -static --specs=nano.specs -mfpu=fpv4-sp-d16 -mfloat-abi=hard -mthumb -Wl,--start-group -lc -lm -Wl,--end-group
Finished building target: L476_BASICCAN.elf
 
arm-none-eabi-size   L476_BASICCAN.elf 
arm-none-eabi-objdump -h -S  L476_BASICCAN.elf  > "L476_BASICCAN.list"
   text	   data	    bss	    dec	    hex	filename
  22976	    220	   1916	  25112	   6218	L476_BASICCAN.elf
Finished building: default.size.stdout
 
Finished building: L476_BASICCAN.list
 

16:01:54 Build Finished. 0 errors, 2 warnings. (took 425ms)

